// Jest Snapshot v1, https://goo.gl/fbAQLP

exports[`screens/Match/Bet renders correctly 1`] = `
<div
  className="bet"
>
  <div
    className="bet-title"
  >
    <img
      alt="ru"
      className="bet-flag"
      src="IMAGE_MOCK"
      style={undefined}
    />
    <div
      className="team-name"
    >
      Russie
    </div>
  </div>
  <div
    className="bet-select-container"
  >
    <Select
      disabled={undefined}
      onChange={[MockFunction]}
      renderValue={[Function]}
      type="number"
      value={1}
    >
      <MenuItem
        value={0}
      >
        0
      </MenuItem>
      <MenuItem
        value={1}
      >
        1
      </MenuItem>
      <MenuItem
        value={2}
      >
        2
      </MenuItem>
      <MenuItem
        value={3}
      >
        3
      </MenuItem>
      <MenuItem
        value={4}
      >
        4
      </MenuItem>
      <MenuItem
        value={5}
      >
        5
      </MenuItem>
      <MenuItem
        value={6}
      >
        6
      </MenuItem>
      <MenuItem
        value={7}
      >
        7
      </MenuItem>
      <MenuItem
        value={8}
      >
        8
      </MenuItem>
      <MenuItem
        value={9}
      >
        9
      </MenuItem>
      <MenuItem
        value={10}
      >
        10
      </MenuItem>
    </Select>
  </div>
</div>
`;
