// Jest Snapshot v1, https://goo.gl/fbAQLP

exports[`screens/Match/Bet renders correctly 1`] = `
<div
  style={
    Object {
      "alignItems": "center",
      "display": "flex",
      "flexDirection": "column",
      "justifyContent": "flex-start",
    }
  }
>
  <div
    style={
      Object {
        "display": "flex",
      }
    }
  >
    <img
      alt="ru"
      className={undefined}
      src="IMAGE_MOCK"
      style={
        Object {
          "height": "1.3em",
        }
      }
    />
    <div
      style={
        Object {
          "fontSize": "1.3em",
          "paddingLeft": "10px",
          "textAlign": "center",
        }
      }
    >
      Russie
    </div>
  </div>
  <div
    style={
      Object {
        "alignItems": "center",
        "display": "flex",
      }
    }
  >
    <div
      className="MuiInput-root-6 MuiInput-inkbar-8 MuiInput-underline-15"
      onBlur={[Function]}
      onFocus={[Function]}
    >
      <div
        className="MuiSelect-root-1"
      >
        <div
          aria-haspopup="true"
          aria-owns={null}
          aria-pressed="false"
          className="MuiSelect-select-2 MuiSelect-selectMenu-3 MuiInput-input-10 MuiInput-inputSingleline-18"
          onBlur={[Function]}
          onClick={[Function]}
          onFocus={undefined}
          onKeyDown={[Function]}
          role="button"
          tabIndex={0}
        >
          <div
            style={
              Object {
                "textAlign": "center",
                "width": "100%",
              }
            }
          >
            1
          </div>
        </div>
        <input
          autoComplete={undefined}
          autoFocus={undefined}
          defaultValue={undefined}
          id={undefined}
          name={undefined}
          onKeyDown={undefined}
          onKeyUp={undefined}
          placeholder={undefined}
          readOnly={undefined}
          required={undefined}
          rows={undefined}
          type="hidden"
          value={1}
        />
        <svg
          aria-hidden="true"
          className="MuiSvgIcon-root-22 MuiSelect-icon-5"
          focusable="false"
          viewBox="0 0 24 24"
        >
          <path
            d="M7 10l5 5 5-5z"
          />
        </svg>
      </div>
    </div>
  </div>
</div>
`;
