// Jest Snapshot v1, https://goo.gl/fbAQLP

exports[`screens/App/ConnectionModal renders correctly 1`] = `
Array [
  <DialogTitle>
    Connexion
  </DialogTitle>,
  <DialogContent
    style={
      Object {
        "alignItems": "center",
        "display": "flex",
        "flexDirection": "column",
        "padding": 15,
      }
    }
  >
    <Button
      color="primary"
      onClick={[Function]}
      style={
        Object {
          "marginBottom": 10,
        }
      }
      variant="raised"
    >
      <FaGoogle />
        Connexion avec Google
    </Button>
    <Button
      color="accent"
      onClick={[Function]}
      style={
        Object {
          "marginBottom": 10,
        }
      }
      variant="raised"
    >
      <FaFacebook />
        Connexion avec Facebook
    </Button>
  </DialogContent>,
]
`;
