// Jest Snapshot v1, https://goo.gl/fbAQLP

exports[`screens/App/ConnectionModal renders correctly 1`] = `
Array [
  <DialogTitle>
    Connexion
  </DialogTitle>,
  <DialogContent
    className="auth-btns-container"
  >
    <Button
      color="primary"
      onClick={[Function]}
      variant="raised"
    >
      <FaGoogle />
        Connexion avec Google
    </Button>
    <Button
      color="secondary"
      onClick={[Function]}
      variant="raised"
    >
      <FaFacebook />
        Connexion avec Facebook
    </Button>
  </DialogContent>,
]
`;
