// Jest Snapshot v1, https://goo.gl/fbAQLP

exports[`screens/App/ConnectionModal renders correctly 1`] = `
Array [
  <DialogTitle>
    Connexion
  </DialogTitle>,
  <DialogContent
    className="auth-btns-container"
  >
    <Button
      color="primary"
      onClick={[Function]}
      variant="raised"
    >
      <FaGoogle />
        Connexion avec Google
    </Button>
    <Button
      color="secondary"
      onClick={[Function]}
      variant="raised"
    >
      <FaFacebook />
        Connexion avec Facebook
    </Button>
    <br />
    <p
      className="MuiTypography-root-1 MuiTypography-body1-10 MuiTypography-gutterBottom-18"
    >
      En vous connectant, vous déclarez accepter la 
      <a
        href="https://github.com/mbernardeau/Road-to-Russia-2018/blob/master/confidentialite.md"
        target="_blank"
      >
        politique de confidentialité
      </a>
       
      du site.
    </p>
  </DialogContent>,
]
`;
