// Jest Snapshot v1, https://goo.gl/fbAQLP

exports[`Groups/MyGroups renders correctly when no group joined 1`] = `null`;

exports[`Groups/MyGroups renders correctly with different groups 1`] = `
<Card
  style={
    Object {
      "paddingTop": 15,
      "width": "90%",
    }
  }
>
  <Typography
    gutterBottom={true}
    type="headline"
  >
    Mes groupes
  </Typography>
  <Table>
    <TableBody>
      <GroupRow
        group={
          Object {
            "members": Object {
              "iduser": "member",
            },
            "name": "my-test-group",
          }
        }
      />
      <GroupRow
        group={
          Object {
            "members": Object {
              "iduser": "awaiting",
            },
            "name": "my-test-group-2",
          }
        }
      />
      <GroupRow
        group={
          Object {
            "members": Object {
              "iduser": "admin",
            },
            "name": "my-test-group-3",
          }
        }
      />
    </TableBody>
  </Table>
</Card>
`;
