// Jest Snapshot v1, https://goo.gl/fbAQLP

exports[`Groups/MyGroups renders correctly when a group is joined 1`] = `
<Card
  className="my-groups-card"
>
  <Typography
    gutterBottom={true}
    variant="headline"
  >
    Mes tribus
  </Typography>
  <DisplayPrice
    groups={
      Object {
        "idGroup1": Object {
          "name": "supergroupe",
        },
      }
    }
  />
  <Table>
    <TableHead>
      <TableRow>
        <TableCell>
          Nom de la tribu
        </TableCell>
        <TableCell>
          Créateur
        </TableCell>
        <TableCell>
          Statut
        </TableCell>
      </TableRow>
    </TableHead>
    <TableBody>
      <GroupRow
        name="supergroupe"
      />
    </TableBody>
  </Table>
</Card>
`;

exports[`Groups/MyGroups renders correctly when no group joined 1`] = `null`;
