// Jest Snapshot v1, https://goo.gl/fbAQLP

exports[`screens/ConnectionWidget/User renders correctly 1`] = `
<div
  className="user-widget"
>
  <Avatar
    className="user-avatar"
    src="http://avatar.url"
  />
  <span
    className="username"
  >
    Georges Lucas
  </span>
  <IconButton
    aria-haspopup="true"
    aria-label="Plus"
    aria-owns={null}
    color="inherit"
    onClick={[Function]}
  >
    <MoreVert />
  </IconButton>
  <Menu
    anchorEl={null}
    onClose={[Function]}
    open={false}
  >
    <MenuItem
      onClick={[Function]}
    >
      Se déconnecter
    </MenuItem>
  </Menu>
</div>
`;
