// Jest Snapshot v1, https://goo.gl/fbAQLP

exports[`screens/Match/StadiumTooltip renders correctly 1`] = `
<div
  className="match-infos-container"
>
  <Tooltip
    enterTouchDelay={0}
    title="14 juin 2018 21:00"
  >
    <div>
      dans un an
    </div>
  </Tooltip>
  <div>
    •
  </div>
  <Tooltip
    enterTouchDelay={0}
    title={
      <StadiumTooltip
        capacity={69500}
        city="Saint-Pétersbourg"
        name="Stade Krestovski"
      />
    }
  >
    <div>
      Saint-Pétersbourg
    </div>
  </Tooltip>
  <div>
    •
  </div>
  <div>
    TF1
  </div>
</div>
`;
