// Jest Snapshot v1, https://goo.gl/fbAQLP

exports[`screens/JoinGroup renders correctly 1`] = `
<Card
  className="join-group-card"
>
  <Typography
    gutterBottom={true}
    variant="headline"
  >
    Rejoindre une tribu
  </Typography>
  <br />
  <Typography
    gutterBottom={true}
    variant="subheading"
  >
    Rejoignez une tribu pour vous confrontez à vos amis, collègues, famille...
  </Typography>
  <br />
  <Typography
    variant="caption"
  >
    Entrez le code qui vous a été fourni par l'administrateur de la tribu.
  </Typography>
  <CardContent
    className="join-group-content"
  >
    <FormControl>
      <TextField
        id="join-group-code"
        label="Code"
        onChange={[Function]}
        required={true}
        value=""
      />
    </FormControl>
  </CardContent>
  <CardActions>
    <Button
      color="primary"
      disabled={true}
      onClick={[Function]}
      variant="raised"
    >
      Envoyer la demande
    </Button>
  </CardActions>
  <GroupApplyStatus />
</Card>
`;
